*** Using Compiler 'V5.06 update 6 (build 750)', folder: 'D:\MDKsource\ARM\ARMCC\Bin'
Rebuild target 'STM32F4_FreeRTOS_Sensor_Collect'
assembling startup_stm32f407xx.s...
compiling gpio.c...
compiling app_config.c...
compiling usart.c...
compiling can.c...
compiling iwdg.c...
compiling main.c...
compiling freertos.c...
compiling stm32f4xx_hal_timebase_tim.c...
compiling stm32f4xx_hal_msp.c...
compiling stm32f4xx_it.c...
compiling stm32f4xx_hal_rcc.c...
compiling stm32f4xx_hal_can.c...
compiling stm32f4xx_hal_tim_ex.c...
compiling stm32f4xx_hal_tim.c...
compiling stm32f4xx_hal_flash.c...
compiling stm32f4xx_hal_flash_ex.c...
compiling stm32f4xx_hal_flash_ramfunc.c...
compiling stm32f4xx_hal_rcc_ex.c...
compiling stm32f4xx_hal_gpio.c...
compiling stm32f4xx_hal_dma_ex.c...
compiling stm32f4xx_hal_dma.c...
compiling stm32f4xx_hal_cortex.c...
compiling stm32f4xx_hal_exti.c...
compiling stm32f4xx_hal_pwr.c...
compiling stm32f4xx_hal_pwr_ex.c...
compiling croutine.c...
compiling list.c...
compiling event_groups.c...
compiling stm32f4xx_hal.c...
compiling stm32f4xx_hal_iwdg.c...
compiling queue.c...
compiling stream_buffer.c...
compiling timers.c...
compiling heap_4.c...
compiling tasks.c...
compiling port.c...
compiling stm32f4xx_hal_uart.c...
compiling system_stm32f4xx.c...
compiling bsp_gpio.c...
compiling bsp_iwdg.c...
compiling bsp_uart.c...
compiling bsp_can.c...
compiling app_main.c...
compiling cmsis_os2.c...
compiling app_can_gw.c...
compiling fault_mgr.c...
..\USER\APP\fault_mgr.c(20): warning:  #177-D: function "FaultMgr_Code2Str"  was declared but never referenced
  static const char* FaultMgr_Code2Str(FaultCode_t code)
..\USER\APP\fault_mgr.c: 1 warning, 0 errors
compiling app_uart_cli.c...
compiling app_perf.c...
compiling app_sys_info.c...
compiling app_sys_mon.c...
linking...
Program Size: Code=28520 RO-data=808 RW-data=376 ZI-data=104340  
FromELF: creating hex file...
"STM32F4_FreeRTOS_Sensor_Collect\STM32F4_FreeRTOS_Sensor_Collect.axf" - 0 Error(s), 1 Warning(s).
Build Time Elapsed:  00:01:12
